[backblue.gif]
[fade.gif]
[index.html]
[jx2.info/indexd784.html]
[jx2.info/indexa6da.html]
[use.fontawesome.com/releases/v5.15.3/css/all4efe.css]
[jx2.info/wp-includes/js/jquery/jquery4a5f.js]
[jx2.info/wp-includes/js/jquery/jquery-migrate.min330a.js]
[jx2.info/wp-content/plugins/userswp/vendor/ayecode/wp-ayecode-ui/assets/js/select2.min1cf2.js]
[jx2.info/wp-content/plugins/userswp/vendor/ayecode/wp-ayecode-ui/assets/js/bootstrap.bundle.min62d0.js]
[jx2.info/wp-content/plugins/userswp/assets/js/users-wp.minafb9.js]
[jx2.info/index52f0.json]
[jx2.info/xmlrpc0db0.php]
[jx2.info/wp-includes/wlwmanifest.xml]
[jx2.info/indexa7c2.json]
[jx2.info/wp-content/uploads/2021/04/landing-banner-tet.jpg]
[jx2.info/wp-content/themes/VLTK2/js/jquery.min.js]
[jx2.info/wp-content/themes/VLTK2/js/init.js]
[jx2.info/wp-content/themes/VLTK2/js/jquery.nav.minc225.js]
[jx2.info/wp-content/themes/VLTK2/js/flashc225.js]
[jx2.info/wp-content/themes/VLTK2/js/navigation.minc225.js]
[jx2.info/wp-content/themes/VLTK2/js/skip-link-focus-fix4a7d.js]
[jx2.info/wp-content/themes/VLTK2/js/swiper.jqueryc225.js]
[jx2.info/wp-includes/js/wp-embed.minc225.js]
[jx2.info/wp-content/themes/VLTK2/inc/kirki/modules/webfont-loader/vendor-typekit/webfontloader8e5e.js]
[connect.facebook.net/vi_VN/sdk.js]
[jx2.info/index.html]
[jx2.info/wp-content/plugins/userswp/vendor/ayecode/wp-ayecode-ui/assets/css/ayecode-ui-compatibility62d0.css]
[jx2.info/wp-includes/css/dist/block-library/style.minc225.css]
[jx2.info/wp-includes/fonts/dashicons2ce6.eot]
[jx2.info/wp-includes/fonts/dashicons2ce6.ttf]
[jx2.info/wp-includes/css/dashicons.minc225.css]
[jx2.info/wp-content/plugins/everest-forms/assets/fonts/EverestForms2eb7.eot]
[jx2.info/wp-content/plugins/everest-forms/assets/fonts/EverestForms2eb7.ttf]
[jx2.info/wp-content/plugins/everest-forms/assets/fonts/EverestForms2eb7.woff]
[jx2.info/wp-content/plugins/everest-forms/assets/css/everest-forms28ad.css]
[use.fontawesome.com/releases/v5.15.3/css/all4efe.css]
[jx2.info/wp-content/themes/VLTK2/fonts/UVNThanhPho_Rd41dd41d.eot]
[jx2.info/wp-content/themes/VLTK2/fonts/UVNThanhPho_R.woff]
[jx2.info/wp-content/themes/VLTK2/fonts/UVNThanhPho_R.ttf]
[jx2.info/wp-content/themes/VLTK2/fonts/UTMGodsWordRd41dd41d.eot]
[jx2.info/wp-content/themes/VLTK2/fonts/UTMGodsWordR.woff]
[jx2.info/wp-content/themes/VLTK2/fonts/UTMGodsWordR.ttf]
[jx2.info/wp-content/themes/VLTK2/images/news-tab.png]
[jx2.info/wp-content/themes/VLTK2/images/bgd_footer.jpg]
[jx2.info/wp-content/themes/VLTK2/images/bg.jpg]
[jx2.info/wp-content/themes/VLTK2/images/bgr-event.jpg]
[jx2.info/wp-content/themes/VLTK2/images/nv-1.png]
[jx2.info/wp-content/themes/VLTK2/images/nv-2.png]
[jx2.info/wp-content/themes/VLTK2/images/bannertroi.png]
[jx2.info/wp-content/themes/VLTK2/images/img-bg-noidung.jpg]
[jx2.info/wp-content/themes/VLTK2/images/sidenav-bot.png]
[jx2.info/wp-content/themes/VLTK2/images/sidenav-loop.jpg]
[jx2.info/wp-content/themes/VLTK2/images/sidenav-top.png]
[jx2.info/wp-content/themes/VLTK2/images/sidenav-btpng.png]
[jx2.info/wp-content/themes/VLTK2/images/bx_loader.gif]
[jx2.info/wp-content/themes/VLTK2/images/controls.png]
[jx2.info/wp-content/themes/VLTK2/images/end.png]
[jx2.info/wp-content/themes/VLTK2/images/bg-btn-add.png]
[jx2.info/wp-content/themes/VLTK2/images/logo.png]
[jx2.info/wp-content/themes/VLTK2/images/nav.png]
[jx2.info/wp-content/themes/VLTK2/images/active.png]
[jx2.info/wp-content/themes/VLTK2/images/index-layer-18.png]
[jx2.info/wp-content/themes/VLTK2/images/download.png]
[jx2.info/wp-content/themes/VLTK2/images/registration.png]
[jx2.info/wp-content/themes/VLTK2/images/Reloadcard.png]
[jx2.info/wp-content/themes/VLTK2/images/game_service_bg.jpg]
[jx2.info/wp-content/themes/VLTK2/images/service_pic.png]
[jx2.info/wp-content/themes/VLTK2/images/btn-camnang.jpg]
[jx2.info/wp-content/themes/VLTK2/images/bg-btn-support.jpg]
[jx2.info/wp-content/themes/VLTK2/images/bg-char.png]
[jx2.info/wp-content/themes/VLTK2/images/char-link-end.png]
[jx2.info/wp-content/themes/VLTK2/images/menpai-0.png]
[jx2.info/wp-content/themes/VLTK2/images/menpai-1.png]
[jx2.info/wp-content/themes/VLTK2/images/menpai-2.png]
[jx2.info/wp-content/themes/VLTK2/images/menpai-3.png]
[jx2.info/wp-content/themes/VLTK2/images/menpai-4.png]
[jx2.info/wp-content/themes/VLTK2/images/menpai-5.png]
[jx2.info/wp-content/themes/VLTK2/images/menpai-6.png]
[jx2.info/wp-content/themes/VLTK2/images/menpai-7.png]
[jx2.info/wp-content/themes/VLTK2/images/menpai-8.png]
[jx2.info/wp-content/themes/VLTK2/images/menpai-9.png]
[jx2.info/wp-content/themes/VLTK2/images/share.png]
[jx2.info/wp-content/themes/VLTK2/images/logo-kingsoft.png]
[jx2.info/wp-content/themes/VLTK2/images/logo-bnproduction.png]
[jx2.info/wp-content/themes/VLTK2/images/special1.png]
[jx2.info/wp-content/themes/VLTK2/images/special2.png]
[jx2.info/wp-content/themes/VLTK2/images/special3.png]
[jx2.info/wp-content/themes/VLTK2/images/special4.png]
[jx2.info/wp-content/themes/VLTK2/images/icon_h4.png]
[jx2.info/wp-content/themes/VLTK2/images/icon.gif]
[jx2.info/wp-content/themes/VLTK2/images/icon_h5.png]
[jx2.info/wp-content/themes/VLTK2/images/line-news.gif]
[jx2.info/wp-content/themes/VLTK2/images/404.jpg]
[jx2.info/wp-content/themes/VLTK2/stylec225.css]
[jx2.info/wp-content/themes/VLTK2/css/responsive.minc225.css]
[jx2.info/wp-content/themes/VLTK2/css/swiper.minc225.css]
[jx2.info/wp-content/themes/VLTK2/inc/kirki/assets/css/kirki-styles90c0.css]
[jx2.info/wp-admin/admin-ajax.html]
[jx2.info/wp-content/themes/VLTK2/js/jquery-ui.min.js]
[jx2.info/wp-content/themes/VLTK2/js/jquery.bxslider.js]
[jx2.info/indexd079.html]
[jx2.info/index3f7b.html]
[jx2.info/indexc728.html]
[jx2.info/index81ea.html]
[jx2.info/index0594.html]
[jx2.info/indexb63a.html]
[jx2.info/indexd7b2.json]
[jx2.info/wp-includes/js/zxcvbn-async.min5152.js]
[jx2.info/index41eb.html]
[jx2.info/wp-admin/js/password-strength-meter.minc225.js]
[jx2.info/indexc4f9.json]
[jx2.info/indexfd26.html]
[jx2.info/index00fd.html]
[jx2.info/index9020.html]
[jx2.info/index1956.html]
[jx2.info/index39f5.json]
[jx2.info/index31e8.html]
[jx2.info/indexee6e.html]
[jx2.info/index9d54.json]
[static.xx.fbcdn.net/images/emoji.php/v9/t33/1/16/2705.png]
[static.xx.fbcdn.net/images/emoji.php/v9/t1e/1/16/1f3f9.png]
[scontent.fsgn3-1.fna.fbcdn.net/v/t1.6435-9/175549260_1151656651914712_2591509276719228915_nde90.jpg]
[static.xx.fbcdn.net/images/emoji.php/v9/t9e/1/16/27a1.png]
[static.xx.fbcdn.net/images/emoji.php/v9/t84/1/16/1f381.png]
[jx2.info/wp-content/uploads/2021/04/unnamed-2_uwp_avatar_thumb.png]
[jx2.info/wp-includes/js/comment-reply.minc225.js]
[jx2.info/index146c.html]
[jx2.info/index9d05.json]
[jx2.info/indexf45e.html]
[jx2.info/index9786.html]
[jx2.info/index2477.json]
[jx2.info/indexada0.html]
[jx2.info/index3e90.html]
[jx2.info/index705e.json]
[jx2.info/indexe4c6.html]
[jx2.info/index1ebd.html]
[jx2.info/index10f8.json]
[jx2.info/indexd4c3.html]
[img.zing.vn/volam2/images/danhsachbaiviet/monphai/hinhmonphai/ngamy.jpg]
[jx2.info/index6c46.html]
[jx2.info/indexcbcb.json]
[jx2.info/indexc887.html]
[jx2.info/indexc7e3.html]
[jx2.info/indexb946.html]
[jx2.info/index4194.json]
[jx2.info/index25cd.html]
[jx2.info/index579c.html]
[jx2.info/uploads/cam-nang/14052020/chuthuonghoi1.jpg]
[jx2.info/uploads/cam-nang/14052020/chuthuonghoi2.jpg]
[jx2.info/index0345.html]
[jx2.info/indexf4dc.json]
[jx2.info/indexc6eb.html]
[jx2.info/index3965.html]
[jx2.info/indexd2ed.json]
[jx2.info/index341b.html]
[jx2.info/index001f.html]
[jx2.info/indexa738.json]
[jx2.info/index63fc.html]
[jx2.info/index5831.html]
[jx2.info/indexebe7.html]
[jx2.info/index7101.json]
[jx2.info/uploads/cam-nang/can-biet/240108/picture012.jpg]
[jx2.info/uploads/cam-nang/can-biet/240108/ai2.jpg]
[jx2.info/uploads/cam-nang/can-biet/240108/ai3.jpg]
[jx2.info/uploads/cam-nang/can-biet/240108/ai4.jpg]
[jx2.info/uploads/cam-nang/can-biet/240108/ai5.jpg]
[jx2.info/uploads/cam-nang/can-biet/240108/ai6.jpg]
[jx2.info/index678b.html]
[jx2.info/index056b.json]
[jx2.info/indexa9b6.html]
[jx2.info/uploads/cam-nang/can-biet/030108/news3_clip_image001.jpg]
